[     153ms] [INFO] %cDownload the React DevTools for a better development experience: https://react.dev/link/react-devtools font-weight:bold @ http://localhost:3003/_next/static/chunks/node_modules_next_dist_115brz8._.js:2477
[     163ms] [LOG] [HMR] connected @ http://localhost:3003/_next/static/chunks/node_modules_next_dist_115brz8._.js:2477
[   85661ms] [LOG] [Fast Refresh] rebuilding @ http://localhost:3003/_next/static/chunks/node_modules_next_dist_115brz8._.js:2477
[   85661ms] [LOG] [Fast Refresh] done in 102ms @ http://localhost:3003/_next/static/chunks/node_modules_next_dist_115brz8._.js:2477
[   90990ms] [LOG] [Fast Refresh] rebuilding @ http://localhost:3003/_next/static/chunks/node_modules_next_dist_115brz8._.js:2477
[   91007ms] [LOG] [Fast Refresh] done in 117ms @ http://localhost:3003/_next/static/chunks/node_modules_next_dist_115brz8._.js:2477
[  109160ms] [LOG] [Fast Refresh] rebuilding @ http://localhost:3003/_next/static/chunks/node_modules_next_dist_115brz8._.js:2477
[  109192ms] [LOG] [Fast Refresh] done in 82ms @ http://localhost:3003/_next/static/chunks/node_modules_next_dist_115brz8._.js:2477
[  166281ms] [LOG] [Fast Refresh] rebuilding @ http://localhost:3003/_next/static/chunks/node_modules_next_dist_115brz8._.js:2477
[  166451ms] [LOG] [Fast Refresh] done in 96ms @ http://localhost:3003/_next/static/chunks/node_modules_next_dist_115brz8._.js:2477
[  211863ms] [LOG] [Fast Refresh] rebuilding @ http://localhost:3003/_next/static/chunks/node_modules_next_dist_115brz8._.js:2477
[  211879ms] [LOG] [Fast Refresh] done in 117ms @ http://localhost:3003/_next/static/chunks/node_modules_next_dist_115brz8._.js:2477
[  219578ms] [LOG] [Fast Refresh] rebuilding @ http://localhost:3003/_next/static/chunks/node_modules_next_dist_115brz8._.js:2477
[  219998ms] [LOG] [Fast Refresh] done in 483ms @ http://localhost:3003/_next/static/chunks/node_modules_next_dist_115brz8._.js:2477
[  220146ms] [LOG] [Fast Refresh] rebuilding @ http://localhost:3003/_next/static/chunks/node_modules_next_dist_115brz8._.js:2477
[  220390ms] [LOG] [Fast Refresh] done in 347ms @ http://localhost:3003/_next/static/chunks/node_modules_next_dist_115brz8._.js:2477
[  220773ms] [LOG] [Fast Refresh] rebuilding @ http://localhost:3003/_next/static/chunks/node_modules_next_dist_115brz8._.js:2477
[  220912ms] [LOG] [Fast Refresh] done in 240ms @ http://localhost:3003/_next/static/chunks/node_modules_next_dist_115brz8._.js:2477
[  221013ms] [LOG] [Fast Refresh] rebuilding @ http://localhost:3003/_next/static/chunks/node_modules_next_dist_115brz8._.js:2477
[  221195ms] [LOG] [Fast Refresh] done in 282ms @ http://localhost:3003/_next/static/chunks/node_modules_next_dist_115brz8._.js:2477
[  221332ms] [LOG] [Fast Refresh] rebuilding @ http://localhost:3003/_next/static/chunks/node_modules_next_dist_115brz8._.js:2477
[  221353ms] [LOG] [Fast Refresh] done in 122ms @ http://localhost:3003/_next/static/chunks/node_modules_next_dist_115brz8._.js:2477
[  221629ms] [LOG] [Fast Refresh] rebuilding @ http://localhost:3003/_next/static/chunks/node_modules_next_dist_115brz8._.js:2477
[  221885ms] [LOG] [Fast Refresh] done in 357ms @ http://localhost:3003/_next/static/chunks/node_modules_next_dist_115brz8._.js:2477
