[      96ms] [INFO] %cDownload the React DevTools for a better development experience: https://react.dev/link/react-devtools font-weight:bold @ http://localhost:3006/_next/static/chunks/node_modules_next_dist_115brz8._.js:2477
[     108ms] [LOG] [HMR] connected @ http://localhost:3006/_next/static/chunks/node_modules_next_dist_115brz8._.js:2477
[     277ms] [VERBOSE] [DOM] Input elements should have autocomplete attributes (suggested: "current-password"): (More info: https://goo.gl/9p2vKq) %o @ http://localhost:3006/login:0
[   38003ms] [LOG] [Fast Refresh] rebuilding @ http://localhost:3006/_next/static/chunks/node_modules_next_dist_115brz8._.js:2477
[   38024ms] [LOG] [Fast Refresh] done in 123ms @ http://localhost:3006/_next/static/chunks/node_modules_next_dist_115brz8._.js:2477
[   38090ms] [INFO] %cDownload the React DevTools for a better development experience: https://react.dev/link/react-devtools font-weight:bold @ http://localhost:3006/_next/static/chunks/node_modules_next_dist_115brz8._.js:2477
[   38103ms] [LOG] [HMR] connected @ http://localhost:3006/_next/static/chunks/node_modules_next_dist_115brz8._.js:2477
[   38296ms] [VERBOSE] [DOM] Input elements should have autocomplete attributes (suggested: "current-password"): (More info: https://goo.gl/9p2vKq) %o @ http://localhost:3006/login:0
[   86117ms] [INFO] %cDownload the React DevTools for a better development experience: https://react.dev/link/react-devtools font-weight:bold @ http://localhost:3006/_next/static/chunks/node_modules_next_dist_115brz8._.js:2477
[   86130ms] [LOG] [HMR] connected @ http://localhost:3006/_next/static/chunks/node_modules_next_dist_115brz8._.js:2477
[   86290ms] [VERBOSE] [DOM] Input elements should have autocomplete attributes (suggested: "current-password"): (More info: https://goo.gl/9p2vKq) %o @ http://localhost:3006/login:0
[  118969ms] [LOG] [Fast Refresh] rebuilding @ http://localhost:3006/_next/static/chunks/node_modules_next_dist_115brz8._.js:2477
[  119189ms] [LOG] [Fast Refresh] done in 236ms @ http://localhost:3006/_next/static/chunks/node_modules_next_dist_115brz8._.js:2477
[  137052ms] [LOG] [Fast Refresh] rebuilding @ http://localhost:3006/_next/static/chunks/node_modules_next_dist_115brz8._.js:2477
[  137055ms] [LOG] [Fast Refresh] done in 105ms @ http://localhost:3006/_next/static/chunks/node_modules_next_dist_115brz8._.js:2477
[  137106ms] [INFO] %cDownload the React DevTools for a better development experience: https://react.dev/link/react-devtools font-weight:bold @ http://localhost:3006/_next/static/chunks/node_modules_next_dist_115brz8._.js:2477
[  137121ms] [LOG] [HMR] connected @ http://localhost:3006/_next/static/chunks/node_modules_next_dist_115brz8._.js:2477
[  148066ms] [INFO] %cDownload the React DevTools for a better development experience: https://react.dev/link/react-devtools font-weight:bold @ http://localhost:3006/_next/static/chunks/node_modules_next_dist_115brz8._.js:2477
[  148074ms] [LOG] [HMR] connected @ http://localhost:3006/_next/static/chunks/node_modules_next_dist_115brz8._.js:2477
[  148170ms] [VERBOSE] [DOM] Password field is not contained in a form: (More info: https://goo.gl/9p2vKq) %o @ http://localhost:3006/portal/darbai:0
[  154255ms] [LOG] [Fast Refresh] rebuilding @ http://localhost:3006/_next/static/chunks/node_modules_next_dist_115brz8._.js:2477
[  154292ms] [LOG] [Fast Refresh] done in 138ms @ http://localhost:3006/_next/static/chunks/node_modules_next_dist_115brz8._.js:2477
[  157012ms] [INFO] %cDownload the React DevTools for a better development experience: https://react.dev/link/react-devtools font-weight:bold @ http://localhost:3006/_next/static/chunks/node_modules_next_dist_115brz8._.js:2477
[  157035ms] [LOG] [HMR] connected @ http://localhost:3006/_next/static/chunks/node_modules_next_dist_115brz8._.js:2477
[  165696ms] [INFO] %cDownload the React DevTools for a better development experience: https://react.dev/link/react-devtools font-weight:bold @ http://localhost:3006/_next/static/chunks/node_modules_next_dist_115brz8._.js:2477
[  165703ms] [LOG] [HMR] connected @ http://localhost:3006/_next/static/chunks/node_modules_next_dist_115brz8._.js:2477
[  174709ms] [INFO] %cDownload the React DevTools for a better development experience: https://react.dev/link/react-devtools font-weight:bold @ http://localhost:3006/_next/static/chunks/node_modules_next_dist_115brz8._.js:2477
[  174717ms] [LOG] [HMR] connected @ http://localhost:3006/_next/static/chunks/node_modules_next_dist_115brz8._.js:2477
[  184578ms] [INFO] %cDownload the React DevTools for a better development experience: https://react.dev/link/react-devtools font-weight:bold @ http://localhost:3006/_next/static/chunks/node_modules_next_dist_115brz8._.js:2477
[  184587ms] [LOG] [HMR] connected @ http://localhost:3006/_next/static/chunks/node_modules_next_dist_115brz8._.js:2477
[  197903ms] [INFO] %cDownload the React DevTools for a better development experience: https://react.dev/link/react-devtools font-weight:bold @ http://localhost:3006/_next/static/chunks/node_modules_next_dist_115brz8._.js:2477
[  197916ms] [LOG] [HMR] connected @ http://localhost:3006/_next/static/chunks/node_modules_next_dist_115brz8._.js:2477
[  209381ms] [INFO] %cDownload the React DevTools for a better development experience: https://react.dev/link/react-devtools font-weight:bold @ http://localhost:3006/_next/static/chunks/node_modules_next_dist_115brz8._.js:2477
[  209389ms] [LOG] [HMR] connected @ http://localhost:3006/_next/static/chunks/node_modules_next_dist_115brz8._.js:2477
[  343618ms] [LOG] [Fast Refresh] rebuilding @ http://localhost:3006/_next/static/chunks/node_modules_next_dist_115brz8._.js:2477
[  343644ms] [LOG] [Fast Refresh] done in 80ms @ http://localhost:3006/_next/static/chunks/node_modules_next_dist_115brz8._.js:2477
[  345037ms] [LOG] [Fast Refresh] rebuilding @ http://localhost:3006/_next/static/chunks/node_modules_next_dist_115brz8._.js:2477
[  345041ms] [LOG] [Fast Refresh] done in 106ms @ http://localhost:3006/_next/static/chunks/node_modules_next_dist_115brz8._.js:2477
[  380733ms] [LOG] [Fast Refresh] rebuilding @ http://localhost:3006/_next/static/chunks/node_modules_next_dist_115brz8._.js:2477
[  380794ms] [LOG] [Fast Refresh] done in 162ms @ http://localhost:3006/_next/static/chunks/node_modules_next_dist_115brz8._.js:2477
[  384492ms] [LOG] [Fast Refresh] rebuilding @ http://localhost:3006/_next/static/chunks/node_modules_next_dist_115brz8._.js:2477
[  384512ms] [LOG] [Fast Refresh] done in 122ms @ http://localhost:3006/_next/static/chunks/node_modules_next_dist_115brz8._.js:2477
[  406035ms] [LOG] [Fast Refresh] rebuilding @ http://localhost:3006/_next/static/chunks/node_modules_next_dist_115brz8._.js:2477
[  406068ms] [LOG] [Fast Refresh] done in 135ms @ http://localhost:3006/_next/static/chunks/node_modules_next_dist_115brz8._.js:2477
[  413737ms] [LOG] [Fast Refresh] rebuilding @ http://localhost:3006/_next/static/chunks/node_modules_next_dist_115brz8._.js:2477
[  413752ms] [LOG] [Fast Refresh] done in 116ms @ http://localhost:3006/_next/static/chunks/node_modules_next_dist_115brz8._.js:2477
[  419993ms] [LOG] [Fast Refresh] rebuilding @ http://localhost:3006/_next/static/chunks/node_modules_next_dist_115brz8._.js:2477
[  420019ms] [LOG] [Fast Refresh] done in 37ms @ http://localhost:3006/_next/static/chunks/node_modules_next_dist_115brz8._.js:2477
[  436628ms] [LOG] [Fast Refresh] rebuilding @ http://localhost:3006/_next/static/chunks/node_modules_next_dist_115brz8._.js:2477
[  436653ms] [LOG] [Fast Refresh] done in 113ms @ http://localhost:3006/_next/static/chunks/node_modules_next_dist_115brz8._.js:2477
