[     143ms] [INFO] %cDownload the React DevTools for a better development experience: https://react.dev/link/react-devtools font-weight:bold @ http://localhost:3006/_next/static/chunks/node_modules_next_dist_115brz8._.js:2477
[     158ms] [LOG] [HMR] connected @ http://localhost:3006/_next/static/chunks/node_modules_next_dist_115brz8._.js:2477
[     354ms] [VERBOSE] [DOM] Input elements should have autocomplete attributes (suggested: "current-password"): (More info: https://goo.gl/9p2vKq) %o @ http://localhost:3006/login:0
[  119825ms] [LOG] [Fast Refresh] rebuilding @ http://localhost:3006/_next/static/chunks/node_modules_next_dist_115brz8._.js:2477
[  119859ms] [LOG] [Fast Refresh] done in 94ms @ http://localhost:3006/_next/static/chunks/node_modules_next_dist_115brz8._.js:2477
[  158329ms] [LOG] [Fast Refresh] rebuilding @ http://localhost:3006/_next/static/chunks/node_modules_next_dist_115brz8._.js:2477
[  158492ms] [LOG] [Fast Refresh] done in 265ms @ http://localhost:3006/_next/static/chunks/node_modules_next_dist_115brz8._.js:2477
[  173654ms] [LOG] [Fast Refresh] rebuilding @ http://localhost:3006/_next/static/chunks/node_modules_next_dist_115brz8._.js:2477
[  173779ms] [LOG] [Fast Refresh] done in 187ms @ http://localhost:3006/_next/static/chunks/node_modules_next_dist_115brz8._.js:2477
[  191306ms] [LOG] [Fast Refresh] rebuilding @ http://localhost:3006/_next/static/chunks/node_modules_next_dist_115brz8._.js:2477
[  191310ms] [LOG] [Fast Refresh] done in 105ms @ http://localhost:3006/_next/static/chunks/node_modules_next_dist_115brz8._.js:2477
[  199549ms] [LOG] [Fast Refresh] rebuilding @ http://localhost:3006/_next/static/chunks/node_modules_next_dist_115brz8._.js:2477
[  199606ms] [LOG] [Fast Refresh] done in 68ms @ http://localhost:3006/_next/static/chunks/node_modules_next_dist_115brz8._.js:2477
[  208473ms] [LOG] [Fast Refresh] rebuilding @ http://localhost:3006/_next/static/chunks/node_modules_next_dist_115brz8._.js:2477
[  208532ms] [LOG] [Fast Refresh] done in 73ms @ http://localhost:3006/_next/static/chunks/node_modules_next_dist_115brz8._.js:2477
[  215429ms] [LOG] [Fast Refresh] rebuilding @ http://localhost:3006/_next/static/chunks/node_modules_next_dist_115brz8._.js:2477
[  215476ms] [LOG] [Fast Refresh] done in 63ms @ http://localhost:3006/_next/static/chunks/node_modules_next_dist_115brz8._.js:2477
[  218968ms] [LOG] [Fast Refresh] rebuilding @ http://localhost:3006/_next/static/chunks/node_modules_next_dist_115brz8._.js:2477
[  219022ms] [LOG] [Fast Refresh] done in 154ms @ http://localhost:3006/_next/static/chunks/node_modules_next_dist_115brz8._.js:2477
[  271244ms] [LOG] [Fast Refresh] rebuilding @ http://localhost:3006/_next/static/chunks/node_modules_next_dist_115brz8._.js:2477
[  272611ms] [LOG] [Fast Refresh] done in 113ms @ http://localhost:3006/_next/static/chunks/node_modules_next_dist_115brz8._.js:2477
[  283117ms] [LOG] [Fast Refresh] rebuilding @ http://localhost:3006/_next/static/chunks/node_modules_next_dist_115brz8._.js:2477
[  283131ms] [LOG] [Fast Refresh] done in 115ms @ http://localhost:3006/_next/static/chunks/node_modules_next_dist_115brz8._.js:2477
[  288582ms] [LOG] [Fast Refresh] rebuilding @ http://localhost:3006/_next/static/chunks/node_modules_next_dist_115brz8._.js:2477
[  289054ms] [LOG] [Fast Refresh] done in 570ms @ http://localhost:3006/_next/static/chunks/node_modules_next_dist_115brz8._.js:2477
[  289294ms] [INFO] %cDownload the React DevTools for a better development experience: https://react.dev/link/react-devtools font-weight:bold @ http://localhost:3006/_next/static/chunks/node_modules_next_dist_115brz8._.js:2477
[  289307ms] [LOG] [HMR] connected @ http://localhost:3006/_next/static/chunks/node_modules_next_dist_115brz8._.js:2477
[  289420ms] [LOG] [Fast Refresh] rebuilding @ http://localhost:3006/_next/static/chunks/node_modules_next_dist_115brz8._.js:2477
[  289434ms] [LOG] [Fast Refresh] done in 115ms @ http://localhost:3006/_next/static/chunks/node_modules_next_dist_115brz8._.js:2477
[  289594ms] [VERBOSE] [DOM] Input elements should have autocomplete attributes (suggested: "current-password"): (More info: https://goo.gl/9p2vKq) %o @ http://localhost:3006/login:0
