[      86ms] [INFO] %cDownload the React DevTools for a better development experience: https://react.dev/link/react-devtools font-weight:bold @ http://localhost:3003/_next/static/chunks/node_modules_next_dist_115brz8._.js:2477
[     100ms] [LOG] [HMR] connected @ http://localhost:3003/_next/static/chunks/node_modules_next_dist_115brz8._.js:2477
[    3139ms] [WARNING] The resource http://localhost:3003/_next/static/media/TomatoGrotesk_Medium-s.p.01jnrx46fircq.otf was preloaded using link preload but not used within a few seconds from the window's load event. Please make sure it has an appropriate `as` value and it is preloaded intentionally. @ http://localhost:3003/admin/defects:0
[    3139ms] [WARNING] The resource http://localhost:3003/_next/static/media/TomatoGrotesk_ExtraBold-s.p.0.3erpigd3mfi.otf was preloaded using link preload but not used within a few seconds from the window's load event. Please make sure it has an appropriate `as` value and it is preloaded intentionally. @ http://localhost:3003/admin/defects:0
[    3139ms] [WARNING] The resource http://localhost:3003/_next/static/media/TomatoGrotesk_Regular-s.p.0x58rktr.5eig.otf was preloaded using link preload but not used within a few seconds from the window's load event. Please make sure it has an appropriate `as` value and it is preloaded intentionally. @ http://localhost:3003/admin/defects:0
[    3139ms] [WARNING] The resource http://localhost:3003/_next/static/media/83afe278b6a6bb3c-s.p.0q-301v4kxxnr.woff2 was preloaded using link preload but not used within a few seconds from the window's load event. Please make sure it has an appropriate `as` value and it is preloaded intentionally. @ http://localhost:3003/admin/defects:0
[    3139ms] [WARNING] The resource http://localhost:3003/_next/static/media/TomatoGrotesk_SemiBold-s.p.0elg_scf3-_vy.otf was preloaded using link preload but not used within a few seconds from the window's load event. Please make sure it has an appropriate `as` value and it is preloaded intentionally. @ http://localhost:3003/admin/defects:0
[    3139ms] [WARNING] The resource http://localhost:3003/_next/static/media/TomatoGrotesk_Bold-s.p.0~ck-f82hpnto.otf was preloaded using link preload but not used within a few seconds from the window's load event. Please make sure it has an appropriate `as` value and it is preloaded intentionally. @ http://localhost:3003/admin/defects:0
[   45633ms] [LOG] [Fast Refresh] rebuilding @ http://localhost:3003/_next/static/chunks/node_modules_next_dist_115brz8._.js:2477
[   45686ms] [LOG] [Fast Refresh] done in 154ms @ http://localhost:3003/_next/static/chunks/node_modules_next_dist_115brz8._.js:2477
[   51549ms] [LOG] [Fast Refresh] rebuilding @ http://localhost:3003/_next/static/chunks/node_modules_next_dist_115brz8._.js:2477
[   51553ms] [LOG] [Fast Refresh] done in 106ms @ http://localhost:3003/_next/static/chunks/node_modules_next_dist_115brz8._.js:2477
[   74040ms] [LOG] [Fast Refresh] rebuilding @ http://localhost:3003/_next/static/chunks/node_modules_next_dist_115brz8._.js:2477
[   74254ms] [ERROR] ./src/lib/store.ts:12:1
Export SEED_COMMUNITY_POSTS doesn't exist in target module
  10 | ...
  11 | ...
> 12 | ...SECTIONS, SEED_SCHEDULE_EVENTS, SEED_CHAT_MESSAGES, SEED_WORK_ENGAGEMENTS, SEED_WORKER_...
     |    ^^^^^^^^^^^^^^^^^^^^^^^^^^^^^^^^^^^^^^^^^^^^^^^^^^^^^^^^^^^^^^^^^^^^^^^^^^^^^^^^^^^^^^^^^^
  13 | ...
  14 | ...
  15 | ...

The export SEED_COMMUNITY_POSTS was not found in module [project]/src/lib/seed.ts [app-client] (ecmascript).
Did you mean to import SEED_UNITS?
All exports of the module are statically known (It doesn't have dynamic exports). So it's known statically that the requested export doesn't exist.

Import traces:
  Client Component Browser:
    ./src/lib/store.ts [Client Component Browser]
    ./src/app/page.tsx [Client Component Browser]
    ./src/app/page.tsx [Server Component]

  Client Component SSR:
    ./src/lib/store.ts [Client Component SSR]
    ./src/app/page.tsx [Client Component SSR]
    ./src/app/page.tsx [Server Component] @ http://localhost:3003/_next/static/chunks/node_modules_next_dist_115brz8._.js:3318
[   74254ms] [ERROR] ./src/lib/store.ts:12:1
Export SEED_COMMUNITY_POSTS doesn't exist in target module
  10 | ...
  11 | ...
> 12 | ...SECTIONS, SEED_SCHEDULE_EVENTS, SEED_CHAT_MESSAGES, SEED_WORK_ENGAGEMENTS, SEED_WORKER_...
     |    ^^^^^^^^^^^^^^^^^^^^^^^^^^^^^^^^^^^^^^^^^^^^^^^^^^^^^^^^^^^^^^^^^^^^^^^^^^^^^^^^^^^^^^^^^^
  13 | ...
  14 | ...
  15 | ...

The export SEED_COMMUNITY_POSTS was not found in module [project]/src/lib/seed.ts [app-ssr] (ecmascript).
Did you mean to import SEED_UNITS?
All exports of the module are statically known (It doesn't have dynamic exports). So it's known statically that the requested export doesn't exist.

Import traces:
  Client Component Browser:
    ./src/lib/store.ts [Client Component Browser]
    ./src/app/page.tsx [Client Component Browser]
    ./src/app/page.tsx [Server Component]

  Client Component SSR:
    ./src/lib/store.ts [Client Component SSR]
    ./src/app/page.tsx [Client Component SSR]
    ./src/app/page.tsx [Server Component] @ http://localhost:3003/_next/static/chunks/node_modules_next_dist_115brz8._.js:3318
[   74321ms] [ERROR] ./src/lib/store.ts:12:1
Export SEED_COMMUNITY_POSTS doesn't exist in target module
  10 | ...
  11 | ...
> 12 | ...SECTIONS, SEED_SCHEDULE_EVENTS, SEED_CHAT_MESSAGES, SEED_WORK_ENGAGEMENTS, SEED_WORKER_...
     |    ^^^^^^^^^^^^^^^^^^^^^^^^^^^^^^^^^^^^^^^^^^^^^^^^^^^^^^^^^^^^^^^^^^^^^^^^^^^^^^^^^^^^^^^^^^
  13 | ...
  14 | ...
  15 | ...

The export SEED_COMMUNITY_POSTS was not found in module [project]/src/lib/seed.ts [app-client] (ecmascript).
Did you mean to import SEED_UNITS?
All exports of the module are statically known (It doesn't have dynamic exports). So it's known statically that the requested export doesn't exist.

Import traces:
  Client Component Browser:
    ./src/lib/store.ts [Client Component Browser]
    ./src/app/page.tsx [Client Component Browser]
    ./src/app/page.tsx [Server Component]

  Client Component SSR:
    ./src/lib/store.ts [Client Component SSR]
    ./src/app/page.tsx [Client Component SSR]
    ./src/app/page.tsx [Server Component] @ http://localhost:3003/_next/static/chunks/node_modules_next_dist_115brz8._.js:3318
[   74321ms] [ERROR] ./src/lib/store.ts:12:1
Export SEED_COMMUNITY_POSTS doesn't exist in target module
  10 | ...
  11 | ...
> 12 | ...SECTIONS, SEED_SCHEDULE_EVENTS, SEED_CHAT_MESSAGES, SEED_WORK_ENGAGEMENTS, SEED_WORKER_...
     |    ^^^^^^^^^^^^^^^^^^^^^^^^^^^^^^^^^^^^^^^^^^^^^^^^^^^^^^^^^^^^^^^^^^^^^^^^^^^^^^^^^^^^^^^^^^
  13 | ...
  14 | ...
  15 | ...

The export SEED_COMMUNITY_POSTS was not found in module [project]/src/lib/seed.ts [app-ssr] (ecmascript).
Did you mean to import SEED_UNITS?
All exports of the module are statically known (It doesn't have dynamic exports). So it's known statically that the requested export doesn't exist.

Import traces:
  Client Component Browser:
    ./src/lib/store.ts [Client Component Browser]
    ./src/app/page.tsx [Client Component Browser]
    ./src/app/page.tsx [Server Component]

  Client Component SSR:
    ./src/lib/store.ts [Client Component SSR]
    ./src/app/page.tsx [Client Component SSR]
    ./src/app/page.tsx [Server Component] @ http://localhost:3003/_next/static/chunks/node_modules_next_dist_115brz8._.js:3318
[   74383ms] [LOG] [Fast Refresh] rebuilding @ http://localhost:3003/_next/static/chunks/node_modules_next_dist_115brz8._.js:2477
[   77283ms] [WARNING] The resource http://localhost:3003/_next/static/media/TomatoGrotesk_Medium-s.p.01jnrx46fircq.otf was preloaded using link preload but not used within a few seconds from the window's load event. Please make sure it has an appropriate `as` value and it is preloaded intentionally. @ http://localhost:3003/admin/defects:0
[   77283ms] [WARNING] The resource http://localhost:3003/_next/static/media/TomatoGrotesk_ExtraBold-s.p.0.3erpigd3mfi.otf was preloaded using link preload but not used within a few seconds from the window's load event. Please make sure it has an appropriate `as` value and it is preloaded intentionally. @ http://localhost:3003/admin/defects:0
[   77283ms] [WARNING] The resource http://localhost:3003/_next/static/media/TomatoGrotesk_Regular-s.p.0x58rktr.5eig.otf was preloaded using link preload but not used within a few seconds from the window's load event. Please make sure it has an appropriate `as` value and it is preloaded intentionally. @ http://localhost:3003/admin/defects:0
[   77283ms] [WARNING] The resource http://localhost:3003/_next/static/media/83afe278b6a6bb3c-s.p.0q-301v4kxxnr.woff2 was preloaded using link preload but not used within a few seconds from the window's load event. Please make sure it has an appropriate `as` value and it is preloaded intentionally. @ http://localhost:3003/admin/defects:0
[   77283ms] [WARNING] The resource http://localhost:3003/_next/static/media/TomatoGrotesk_SemiBold-s.p.0elg_scf3-_vy.otf was preloaded using link preload but not used within a few seconds from the window's load event. Please make sure it has an appropriate `as` value and it is preloaded intentionally. @ http://localhost:3003/admin/defects:0
[   77283ms] [WARNING] The resource http://localhost:3003/_next/static/media/TomatoGrotesk_Bold-s.p.0~ck-f82hpnto.otf was preloaded using link preload but not used within a few seconds from the window's load event. Please make sure it has an appropriate `as` value and it is preloaded intentionally. @ http://localhost:3003/admin/defects:0
[   81960ms] [ERROR] ./src/lib/store.ts:12:1
Export SEED_COMMUNITY_POSTS doesn't exist in target module
  10 | ...
  11 | ...
> 12 | ...SECTIONS, SEED_SCHEDULE_EVENTS, SEED_CHAT_MESSAGES, SEED_WORK_ENGAGEMENTS, SEED_WORKER_...
     |    ^^^^^^^^^^^^^^^^^^^^^^^^^^^^^^^^^^^^^^^^^^^^^^^^^^^^^^^^^^^^^^^^^^^^^^^^^^^^^^^^^^^^^^^^^^
  13 | ...
  14 | ...
  15 | ...

The export SEED_COMMUNITY_POSTS was not found in module [project]/src/lib/seed.ts [app-client] (ecmascript).
Did you mean to import SEED_UNITS?
All exports of the module are statically known (It doesn't have dynamic exports). So it's known statically that the requested export doesn't exist.

Import traces:
  Client Component Browser:
    ./src/lib/store.ts [Client Component Browser]
    ./src/app/page.tsx [Client Component Browser]
    ./src/app/page.tsx [Server Component]

  Client Component SSR:
    ./src/lib/store.ts [Client Component SSR]
    ./src/app/page.tsx [Client Component SSR]
    ./src/app/page.tsx [Server Component] @ http://localhost:3003/_next/static/chunks/node_modules_next_dist_115brz8._.js:3318
[   81960ms] [ERROR] ./src/lib/store.ts:12:1
Export SEED_COMMUNITY_POSTS doesn't exist in target module
  10 | ...
  11 | ...
> 12 | ...SECTIONS, SEED_SCHEDULE_EVENTS, SEED_CHAT_MESSAGES, SEED_WORK_ENGAGEMENTS, SEED_WORKER_...
     |    ^^^^^^^^^^^^^^^^^^^^^^^^^^^^^^^^^^^^^^^^^^^^^^^^^^^^^^^^^^^^^^^^^^^^^^^^^^^^^^^^^^^^^^^^^^
  13 | ...
  14 | ...
  15 | ...

The export SEED_COMMUNITY_POSTS was not found in module [project]/src/lib/seed.ts [app-ssr] (ecmascript).
Did you mean to import SEED_UNITS?
All exports of the module are statically known (It doesn't have dynamic exports). So it's known statically that the requested export doesn't exist.

Import traces:
  Client Component Browser:
    ./src/lib/store.ts [Client Component Browser]
    ./src/app/page.tsx [Client Component Browser]
    ./src/app/page.tsx [Server Component]

  Client Component SSR:
    ./src/lib/store.ts [Client Component SSR]
    ./src/app/page.tsx [Client Component SSR]
    ./src/app/page.tsx [Server Component] @ http://localhost:3003/_next/static/chunks/node_modules_next_dist_115brz8._.js:3318
[   81961ms] [LOG] [Fast Refresh] rebuilding @ http://localhost:3003/_next/static/chunks/node_modules_next_dist_115brz8._.js:2477
[   86199ms] [LOG] [Fast Refresh] rebuilding @ http://localhost:3003/_next/static/chunks/node_modules_next_dist_115brz8._.js:2477
[   86214ms] [ERROR] ./src/lib/store.ts:12:1
Export SEED_COMMUNITY_POSTS doesn't exist in target module
  10 | ...
  11 | ...
> 12 | ...SECTIONS, SEED_SCHEDULE_EVENTS, SEED_CHAT_MESSAGES, SEED_WORK_ENGAGEMENTS, SEED_WORKER_...
     |    ^^^^^^^^^^^^^^^^^^^^^^^^^^^^^^^^^^^^^^^^^^^^^^^^^^^^^^^^^^^^^^^^^^^^^^^^^^^^^^^^^^^^^^^^^^
  13 | ...
  14 | ...
  15 | ...

The export SEED_COMMUNITY_POSTS was not found in module [project]/src/lib/seed.ts [app-client] (ecmascript).
Did you mean to import SEED_UNITS?
All exports of the module are statically known (It doesn't have dynamic exports). So it's known statically that the requested export doesn't exist.

Import traces:
  Client Component Browser:
    ./src/lib/store.ts [Client Component Browser]
    ./src/app/page.tsx [Client Component Browser]
    ./src/app/page.tsx [Server Component]

  Client Component SSR:
    ./src/lib/store.ts [Client Component SSR]
    ./src/app/page.tsx [Client Component SSR]
    ./src/app/page.tsx [Server Component] @ http://localhost:3003/_next/static/chunks/node_modules_next_dist_115brz8._.js:3318
[   86214ms] [ERROR] ./src/lib/store.ts:12:1
Export SEED_COMMUNITY_POSTS doesn't exist in target module
  10 | ...
  11 | ...
> 12 | ...SECTIONS, SEED_SCHEDULE_EVENTS, SEED_CHAT_MESSAGES, SEED_WORK_ENGAGEMENTS, SEED_WORKER_...
     |    ^^^^^^^^^^^^^^^^^^^^^^^^^^^^^^^^^^^^^^^^^^^^^^^^^^^^^^^^^^^^^^^^^^^^^^^^^^^^^^^^^^^^^^^^^^
  13 | ...
  14 | ...
  15 | ...

The export SEED_COMMUNITY_POSTS was not found in module [project]/src/lib/seed.ts [app-ssr] (ecmascript).
Did you mean to import SEED_UNITS?
All exports of the module are statically known (It doesn't have dynamic exports). So it's known statically that the requested export doesn't exist.

Import traces:
  Client Component Browser:
    ./src/lib/store.ts [Client Component Browser]
    ./src/app/page.tsx [Client Component Browser]
    ./src/app/page.tsx [Server Component]

  Client Component SSR:
    ./src/lib/store.ts [Client Component SSR]
    ./src/app/page.tsx [Client Component SSR]
    ./src/app/page.tsx [Server Component] @ http://localhost:3003/_next/static/chunks/node_modules_next_dist_115brz8._.js:3318
[   88101ms] [LOG] [Fast Refresh] rebuilding @ http://localhost:3003/_next/static/chunks/node_modules_next_dist_115brz8._.js:2477
[   88131ms] [ERROR] ./src/lib/store.ts:12:1
Export SEED_COMMUNITY_POSTS doesn't exist in target module
  10 | ...
  11 | ...
> 12 | ...SECTIONS, SEED_SCHEDULE_EVENTS, SEED_CHAT_MESSAGES, SEED_WORK_ENGAGEMENTS, SEED_WORKER_...
     |    ^^^^^^^^^^^^^^^^^^^^^^^^^^^^^^^^^^^^^^^^^^^^^^^^^^^^^^^^^^^^^^^^^^^^^^^^^^^^^^^^^^^^^^^^^^
  13 | ...
  14 | ...
  15 | ...

The export SEED_COMMUNITY_POSTS was not found in module [project]/src/lib/seed.ts [app-client] (ecmascript).
Did you mean to import SEED_UNITS?
All exports of the module are statically known (It doesn't have dynamic exports). So it's known statically that the requested export doesn't exist.

Import traces:
  Client Component Browser:
    ./src/lib/store.ts [Client Component Browser]
    ./src/app/page.tsx [Client Component Browser]
    ./src/app/page.tsx [Server Component]

  Client Component SSR:
    ./src/lib/store.ts [Client Component SSR]
    ./src/app/page.tsx [Client Component SSR]
    ./src/app/page.tsx [Server Component] @ http://localhost:3003/_next/static/chunks/node_modules_next_dist_115brz8._.js:3318
[   88131ms] [ERROR] ./src/lib/store.ts:12:1
Export SEED_COMMUNITY_POSTS doesn't exist in target module
  10 | ...
  11 | ...
> 12 | ...SECTIONS, SEED_SCHEDULE_EVENTS, SEED_CHAT_MESSAGES, SEED_WORK_ENGAGEMENTS, SEED_WORKER_...
     |    ^^^^^^^^^^^^^^^^^^^^^^^^^^^^^^^^^^^^^^^^^^^^^^^^^^^^^^^^^^^^^^^^^^^^^^^^^^^^^^^^^^^^^^^^^^
  13 | ...
  14 | ...
  15 | ...

The export SEED_COMMUNITY_POSTS was not found in module [project]/src/lib/seed.ts [app-ssr] (ecmascript).
Did you mean to import SEED_UNITS?
All exports of the module are statically known (It doesn't have dynamic exports). So it's known statically that the requested export doesn't exist.

Import traces:
  Client Component Browser:
    ./src/lib/store.ts [Client Component Browser]
    ./src/app/page.tsx [Client Component Browser]
    ./src/app/page.tsx [Server Component]

  Client Component SSR:
    ./src/lib/store.ts [Client Component SSR]
    ./src/app/page.tsx [Client Component SSR]
    ./src/app/page.tsx [Server Component] @ http://localhost:3003/_next/static/chunks/node_modules_next_dist_115brz8._.js:3318
[   94726ms] [ERROR] ./src/lib/store.ts:12:1
Export SEED_COMMUNITY_POSTS doesn't exist in target module
  10 | ...
  11 | ...
> 12 | ...SECTIONS, SEED_SCHEDULE_EVENTS, SEED_CHAT_MESSAGES, SEED_WORK_ENGAGEMENTS, SEED_WORKER_...
     |    ^^^^^^^^^^^^^^^^^^^^^^^^^^^^^^^^^^^^^^^^^^^^^^^^^^^^^^^^^^^^^^^^^^^^^^^^^^^^^^^^^^^^^^^^^^
  13 | ...
  14 | ...
  15 | ...

The export SEED_COMMUNITY_POSTS was not found in module [project]/src/lib/seed.ts [app-client] (ecmascript).
Did you mean to import SEED_UNITS?
All exports of the module are statically known (It doesn't have dynamic exports). So it's known statically that the requested export doesn't exist.

Import traces:
  Client Component Browser:
    ./src/lib/store.ts [Client Component Browser]
    ./src/app/page.tsx [Client Component Browser]
    ./src/app/page.tsx [Server Component]

  Client Component SSR:
    ./src/lib/store.ts [Client Component SSR]
    ./src/app/page.tsx [Client Component SSR]
    ./src/app/page.tsx [Server Component] @ http://localhost:3003/_next/static/chunks/node_modules_next_dist_115brz8._.js:3318
[   94726ms] [ERROR] ./src/lib/store.ts:12:1
Export SEED_COMMUNITY_POSTS doesn't exist in target module
  10 | ...
  11 | ...
> 12 | ...SECTIONS, SEED_SCHEDULE_EVENTS, SEED_CHAT_MESSAGES, SEED_WORK_ENGAGEMENTS, SEED_WORKER_...
     |    ^^^^^^^^^^^^^^^^^^^^^^^^^^^^^^^^^^^^^^^^^^^^^^^^^^^^^^^^^^^^^^^^^^^^^^^^^^^^^^^^^^^^^^^^^^
  13 | ...
  14 | ...
  15 | ...

The export SEED_COMMUNITY_POSTS was not found in module [project]/src/lib/seed.ts [app-ssr] (ecmascript).
Did you mean to import SEED_UNITS?
All exports of the module are statically known (It doesn't have dynamic exports). So it's known statically that the requested export doesn't exist.

Import traces:
  Client Component Browser:
    ./src/lib/store.ts [Client Component Browser]
    ./src/app/page.tsx [Client Component Browser]
    ./src/app/page.tsx [Server Component]

  Client Component SSR:
    ./src/lib/store.ts [Client Component SSR]
    ./src/app/page.tsx [Client Component SSR]
    ./src/app/page.tsx [Server Component] @ http://localhost:3003/_next/static/chunks/node_modules_next_dist_115brz8._.js:3318
[   94730ms] [LOG] [Fast Refresh] rebuilding @ http://localhost:3003/_next/static/chunks/node_modules_next_dist_115brz8._.js:2477
