[     133ms] [LOG] [Fast Refresh] rebuilding @ http://localhost:3032/_next/static/chunks/node_modules_next_dist_115brz8._.js:2477
[     136ms] [LOG] [Fast Refresh] done in 103ms @ http://localhost:3032/_next/static/chunks/node_modules_next_dist_115brz8._.js:2477
[     177ms] [VERBOSE] [DOM] Input elements should have autocomplete attributes (suggested: "current-password"): (More info: https://goo.gl/9p2vKq) %o @ http://localhost:3032/login:0
[     195ms] [INFO] %cDownload the React DevTools for a better development experience: https://react.dev/link/react-devtools font-weight:bold @ http://localhost:3032/_next/static/chunks/node_modules_next_dist_115brz8._.js:2477
[     207ms] [LOG] [HMR] connected @ http://localhost:3032/_next/static/chunks/node_modules_next_dist_115brz8._.js:2477
[   98093ms] [LOG] [Fast Refresh] rebuilding @ http://localhost:3032/_next/static/chunks/node_modules_next_dist_115brz8._.js:2477
[   98096ms] [WARNING] [Fast Refresh] performing full reload

Fast Refresh will perform a full reload when you edit a file that's imported by modules outside of the React rendering tree.
You might have a file which exports a React component but also exports a value that is imported by a non-React component file.
Consider migrating the non-React component export to a separate file and importing it into both files.

It is also possible the parent component of the component you edited is a class component, which disables Fast Refresh.
Fast Refresh requires at least one parent function component in your React tree. @ http://localhost:3032/_next/static/chunks/node_modules_next_dist_115brz8._.js:2477
[   98141ms] [LOG] [Fast Refresh] done in 57ms @ http://localhost:3032/_next/static/chunks/node_modules_next_dist_115brz8._.js:2477
[   98174ms] [INFO] %cDownload the React DevTools for a better development experience: https://react.dev/link/react-devtools font-weight:bold @ http://localhost:3032/_next/static/chunks/node_modules_next_dist_115brz8._.js:2477
[   98184ms] [LOG] [HMR] connected @ http://localhost:3032/_next/static/chunks/node_modules_next_dist_115brz8._.js:2477
[   98208ms] ReferenceError: Building2 is not defined
    at module evaluation (http://localhost:3032/_next/static/chunks/_0ep3v-_._.js:1431:15)
    at http://localhost:3032/_next/static/chunks/turbopack-_0p44nws._.js:1307:27
    at runModuleExecutionHooks (http://localhost:3032/_next/static/chunks/turbopack-_0p44nws._.js:1636:13)
    at instantiateModuleShared (http://localhost:3032/_next/static/chunks/turbopack-_0p44nws._.js:1305:9)
    at instantiateModule (http://localhost:3032/_next/static/chunks/turbopack-_0p44nws._.js:1621:12)
    at getOrInstantiateModuleFromParent (http://localhost:3032/_next/static/chunks/turbopack-_0p44nws._.js:1604:12)
    at DevContext.esmImport [as i] (http://localhost:3032/_next/static/chunks/turbopack-_0p44nws._.js:278:20)
    at module evaluation (http://localhost:3032/_next/static/chunks/_0ep3v-_._.js:1847:168)
    at http://localhost:3032/_next/static/chunks/turbopack-_0p44nws._.js:1307:27
    at runModuleExecutionHooks (http://localhost:3032/_next/static/chunks/turbopack-_0p44nws._.js:1636:13)
    at instantiateModuleShared (http://localhost:3032/_next/static/chunks/turbopack-_0p44nws._.js:1305:9)
    at instantiateModule (http://localhost:3032/_next/static/chunks/turbopack-_0p44nws._.js:1621:12)
    at getOrInstantiateModuleFromParent (http://localhost:3032/_next/static/chunks/turbopack-_0p44nws._.js:1604:12)
    at DevContext.commonJsRequire [as r] (http://localhost:3032/_next/static/chunks/turbopack-_0p44nws._.js:299:12)
    at requireModule (http://localhost:3032/_next/static/chunks/node_modules_next_dist_compiled_react-server-dom-turbopack_0p3wegg._.js:95:84)
    at initializeModuleChunk (http://localhost:3032/_next/static/chunks/node_modules_next_dist_compiled_react-server-dom-turbopack_0p3wegg._.js:1110:25)
    at readChunk (http://localhost:3032/_next/static/chunks/node_modules_next_dist_compiled_react-server-dom-turbopack_0p3wegg._.js:846:17)
    at Object.react_stack_bottom_frame (http://localhost:3032/_next/static/chunks/node_modules_next_dist_compiled_react-dom_058-ah~._.js:15101:20)
    at resolveLazy (http://localhost:3032/_next/static/chunks/node_modules_next_dist_compiled_react-dom_058-ah~._.js:3866:20)
    at beginWork (http://localhost:3032/_next/static/chunks/node_modules_next_dist_compiled_react-dom_058-ah~._.js:6665:77)
    at runWithFiberInDEV (http://localhost:3032/_next/static/chunks/node_modules_next_dist_compiled_react-dom_058-ah~._.js:965:74)
    at performUnitOfWork (http://localhost:3032/_next/static/chunks/node_modules_next_dist_compiled_react-dom_058-ah~._.js:9555:97)
    at workLoopSync (http://localhost:3032/_next/static/chunks/node_modules_next_dist_compiled_react-dom_058-ah~._.js:9449:40)
    at renderRootSync (http://localhost:3032/_next/static/chunks/node_modules_next_dist_compiled_react-dom_058-ah~._.js:9433:13)
    at performWorkOnRoot (http://localhost:3032/_next/static/chunks/node_modules_next_dist_compiled_react-dom_058-ah~._.js:9061:186)
    at performSyncWorkOnRoot (http://localhost:3032/_next/static/chunks/node_modules_next_dist_compiled_react-dom_058-ah~._.js:10263:9)
    at flushSyncWorkAcrossRoots_impl (http://localhost:3032/_next/static/chunks/node_modules_next_dist_compiled_react-dom_058-ah~._.js:10179:316)
    at flushPassiveEffects (http://localhost:3032/_next/static/chunks/node_modules_next_dist_compiled_react-dom_058-ah~._.js:10008:13)
    at http://localhost:3032/_next/static/chunks/node_modules_next_dist_compiled_react-dom_058-ah~._.js:9724:13
    at MessagePort.performWorkUntilDeadline (http://localhost:3032/_next/static/chunks/node_modules_next_dist_compiled_0rpq4pf._.js:2647:64)
[  108915ms] [LOG] [Fast Refresh] rebuilding @ http://localhost:3032/_next/static/chunks/node_modules_next_dist_115brz8._.js:2477
[  108915ms] [WARNING] [Fast Refresh] performing full reload

Fast Refresh will perform a full reload when you edit a file that's imported by modules outside of the React rendering tree.
You might have a file which exports a React component but also exports a value that is imported by a non-React component file.
Consider migrating the non-React component export to a separate file and importing it into both files.

It is also possible the parent component of the component you edited is a class component, which disables Fast Refresh.
Fast Refresh requires at least one parent function component in your React tree. @ http://localhost:3032/_next/static/chunks/node_modules_next_dist_115brz8._.js:2477
[  108916ms] [WARNING] [Fast Refresh] performing full reload because your application had an unrecoverable error @ http://localhost:3032/_next/static/chunks/node_modules_next_dist_115brz8._.js:2477
[  108956ms] [LOG] [Fast Refresh] done in 35ms @ http://localhost:3032/_next/static/chunks/node_modules_next_dist_115brz8._.js:2477
[  108984ms] [INFO] %cDownload the React DevTools for a better development experience: https://react.dev/link/react-devtools font-weight:bold @ http://localhost:3032/_next/static/chunks/node_modules_next_dist_115brz8._.js:2477
[  109009ms] [LOG] [HMR] connected @ http://localhost:3032/_next/static/chunks/node_modules_next_dist_115brz8._.js:2477
[  109101ms] ReferenceError: Building2 is not defined
    at module evaluation (http://localhost:3032/_next/static/chunks/_0ep3v-_._.js:1431:15)
    at http://localhost:3032/_next/static/chunks/turbopack-_0p44nws._.js:1307:27
    at runModuleExecutionHooks (http://localhost:3032/_next/static/chunks/turbopack-_0p44nws._.js:1636:13)
    at instantiateModuleShared (http://localhost:3032/_next/static/chunks/turbopack-_0p44nws._.js:1305:9)
    at instantiateModule (http://localhost:3032/_next/static/chunks/turbopack-_0p44nws._.js:1621:12)
    at getOrInstantiateModuleFromParent (http://localhost:3032/_next/static/chunks/turbopack-_0p44nws._.js:1604:12)
    at DevContext.esmImport [as i] (http://localhost:3032/_next/static/chunks/turbopack-_0p44nws._.js:278:20)
    at module evaluation (http://localhost:3032/_next/static/chunks/_0ep3v-_._.js:1822:168)
    at http://localhost:3032/_next/static/chunks/turbopack-_0p44nws._.js:1307:27
    at runModuleExecutionHooks (http://localhost:3032/_next/static/chunks/turbopack-_0p44nws._.js:1636:13)
    at instantiateModuleShared (http://localhost:3032/_next/static/chunks/turbopack-_0p44nws._.js:1305:9)
    at instantiateModule (http://localhost:3032/_next/static/chunks/turbopack-_0p44nws._.js:1621:12)
    at getOrInstantiateModuleFromParent (http://localhost:3032/_next/static/chunks/turbopack-_0p44nws._.js:1604:12)
    at DevContext.commonJsRequire [as r] (http://localhost:3032/_next/static/chunks/turbopack-_0p44nws._.js:299:12)
    at requireModule (http://localhost:3032/_next/static/chunks/node_modules_next_dist_compiled_react-server-dom-turbopack_0p3wegg._.js:95:84)
    at initializeModuleChunk (http://localhost:3032/_next/static/chunks/node_modules_next_dist_compiled_react-server-dom-turbopack_0p3wegg._.js:1110:25)
    at readChunk (http://localhost:3032/_next/static/chunks/node_modules_next_dist_compiled_react-server-dom-turbopack_0p3wegg._.js:846:17)
    at Object.react_stack_bottom_frame (http://localhost:3032/_next/static/chunks/node_modules_next_dist_compiled_react-dom_058-ah~._.js:15101:20)
    at resolveLazy (http://localhost:3032/_next/static/chunks/node_modules_next_dist_compiled_react-dom_058-ah~._.js:3866:20)
    at beginWork (http://localhost:3032/_next/static/chunks/node_modules_next_dist_compiled_react-dom_058-ah~._.js:6665:77)
    at runWithFiberInDEV (http://localhost:3032/_next/static/chunks/node_modules_next_dist_compiled_react-dom_058-ah~._.js:965:74)
    at performUnitOfWork (http://localhost:3032/_next/static/chunks/node_modules_next_dist_compiled_react-dom_058-ah~._.js:9555:97)
    at workLoopSync (http://localhost:3032/_next/static/chunks/node_modules_next_dist_compiled_react-dom_058-ah~._.js:9449:40)
    at renderRootSync (http://localhost:3032/_next/static/chunks/node_modules_next_dist_compiled_react-dom_058-ah~._.js:9433:13)
    at performWorkOnRoot (http://localhost:3032/_next/static/chunks/node_modules_next_dist_compiled_react-dom_058-ah~._.js:9061:186)
    at performSyncWorkOnRoot (http://localhost:3032/_next/static/chunks/node_modules_next_dist_compiled_react-dom_058-ah~._.js:10263:9)
    at flushSyncWorkAcrossRoots_impl (http://localhost:3032/_next/static/chunks/node_modules_next_dist_compiled_react-dom_058-ah~._.js:10179:316)
    at flushPassiveEffects (http://localhost:3032/_next/static/chunks/node_modules_next_dist_compiled_react-dom_058-ah~._.js:10008:13)
    at http://localhost:3032/_next/static/chunks/node_modules_next_dist_compiled_react-dom_058-ah~._.js:9724:13
    at MessagePort.performWorkUntilDeadline (http://localhost:3032/_next/static/chunks/node_modules_next_dist_compiled_0rpq4pf._.js:2647:64)
[  113178ms] [LOG] [Fast Refresh] rebuilding @ http://localhost:3032/_next/static/chunks/node_modules_next_dist_115brz8._.js:2477
[  113280ms] [WARNING] [Fast Refresh] performing full reload because your application had an unrecoverable error @ http://localhost:3032/_next/static/chunks/node_modules_next_dist_115brz8._.js:2477
[  113280ms] [LOG] [Fast Refresh] done in 174ms @ http://localhost:3032/_next/static/chunks/node_modules_next_dist_115brz8._.js:2477
[  113335ms] [WARNING] [Fast Refresh] performing full reload

Fast Refresh will perform a full reload when you edit a file that's imported by modules outside of the React rendering tree.
You might have a file which exports a React component but also exports a value that is imported by a non-React component file.
Consider migrating the non-React component export to a separate file and importing it into both files.

It is also possible the parent component of the component you edited is a class component, which disables Fast Refresh.
Fast Refresh requires at least one parent function component in your React tree. @ http://localhost:3032/_next/static/chunks/node_modules_next_dist_115brz8._.js:2477
[  113335ms] [WARNING] [Fast Refresh] performing full reload because your application had an unrecoverable error @ http://localhost:3032/_next/static/chunks/node_modules_next_dist_115brz8._.js:2477
[  113400ms] [INFO] %cDownload the React DevTools for a better development experience: https://react.dev/link/react-devtools font-weight:bold @ http://localhost:3032/_next/static/chunks/node_modules_next_dist_115brz8._.js:2477
[  113406ms] [LOG] [HMR] connected @ http://localhost:3032/_next/static/chunks/node_modules_next_dist_115brz8._.js:2477
[  113425ms] ReferenceError: Building2 is not defined
    at module evaluation (http://localhost:3032/_next/static/chunks/_0bv4qwa._.js:1431:15)
    at http://localhost:3032/_next/static/chunks/turbopack-_0p44nws._.js:1307:27
    at runModuleExecutionHooks (http://localhost:3032/_next/static/chunks/turbopack-_0p44nws._.js:1636:13)
    at instantiateModuleShared (http://localhost:3032/_next/static/chunks/turbopack-_0p44nws._.js:1305:9)
    at instantiateModule (http://localhost:3032/_next/static/chunks/turbopack-_0p44nws._.js:1621:12)
    at getOrInstantiateModuleFromParent (http://localhost:3032/_next/static/chunks/turbopack-_0p44nws._.js:1604:12)
    at DevContext.esmImport [as i] (http://localhost:3032/_next/static/chunks/turbopack-_0p44nws._.js:278:20)
    at module evaluation (http://localhost:3032/_next/static/chunks/_0bv4qwa._.js:1821:168)
    at http://localhost:3032/_next/static/chunks/turbopack-_0p44nws._.js:1307:27
    at runModuleExecutionHooks (http://localhost:3032/_next/static/chunks/turbopack-_0p44nws._.js:1636:13)
    at instantiateModuleShared (http://localhost:3032/_next/static/chunks/turbopack-_0p44nws._.js:1305:9)
    at instantiateModule (http://localhost:3032/_next/static/chunks/turbopack-_0p44nws._.js:1621:12)
    at getOrInstantiateModuleFromParent (http://localhost:3032/_next/static/chunks/turbopack-_0p44nws._.js:1604:12)
    at DevContext.commonJsRequire [as r] (http://localhost:3032/_next/static/chunks/turbopack-_0p44nws._.js:299:12)
    at requireModule (http://localhost:3032/_next/static/chunks/node_modules_next_dist_compiled_react-server-dom-turbopack_0p3wegg._.js:95:84)
    at initializeModuleChunk (http://localhost:3032/_next/static/chunks/node_modules_next_dist_compiled_react-server-dom-turbopack_0p3wegg._.js:1110:25)
    at readChunk (http://localhost:3032/_next/static/chunks/node_modules_next_dist_compiled_react-server-dom-turbopack_0p3wegg._.js:846:17)
    at Object.react_stack_bottom_frame (http://localhost:3032/_next/static/chunks/node_modules_next_dist_compiled_react-dom_058-ah~._.js:15101:20)
    at resolveLazy (http://localhost:3032/_next/static/chunks/node_modules_next_dist_compiled_react-dom_058-ah~._.js:3866:20)
    at beginWork (http://localhost:3032/_next/static/chunks/node_modules_next_dist_compiled_react-dom_058-ah~._.js:6665:77)
    at runWithFiberInDEV (http://localhost:3032/_next/static/chunks/node_modules_next_dist_compiled_react-dom_058-ah~._.js:965:74)
    at performUnitOfWork (http://localhost:3032/_next/static/chunks/node_modules_next_dist_compiled_react-dom_058-ah~._.js:9555:97)
    at workLoopSync (http://localhost:3032/_next/static/chunks/node_modules_next_dist_compiled_react-dom_058-ah~._.js:9449:40)
    at renderRootSync (http://localhost:3032/_next/static/chunks/node_modules_next_dist_compiled_react-dom_058-ah~._.js:9433:13)
    at performWorkOnRoot (http://localhost:3032/_next/static/chunks/node_modules_next_dist_compiled_react-dom_058-ah~._.js:9061:186)
    at performSyncWorkOnRoot (http://localhost:3032/_next/static/chunks/node_modules_next_dist_compiled_react-dom_058-ah~._.js:10263:9)
    at flushSyncWorkAcrossRoots_impl (http://localhost:3032/_next/static/chunks/node_modules_next_dist_compiled_react-dom_058-ah~._.js:10179:316)
    at flushPassiveEffects (http://localhost:3032/_next/static/chunks/node_modules_next_dist_compiled_react-dom_058-ah~._.js:10008:13)
    at http://localhost:3032/_next/static/chunks/node_modules_next_dist_compiled_react-dom_058-ah~._.js:9724:13
    at MessagePort.performWorkUntilDeadline (http://localhost:3032/_next/static/chunks/node_modules_next_dist_compiled_0rpq4pf._.js:2647:64)
[  118103ms] [LOG] [Fast Refresh] rebuilding @ http://localhost:3032/_next/static/chunks/node_modules_next_dist_115brz8._.js:2477
[  118103ms] [WARNING] [Fast Refresh] performing full reload

Fast Refresh will perform a full reload when you edit a file that's imported by modules outside of the React rendering tree.
You might have a file which exports a React component but also exports a value that is imported by a non-React component file.
Consider migrating the non-React component export to a separate file and importing it into both files.

It is also possible the parent component of the component you edited is a class component, which disables Fast Refresh.
Fast Refresh requires at least one parent function component in your React tree. @ http://localhost:3032/_next/static/chunks/node_modules_next_dist_115brz8._.js:2477
[  118104ms] [WARNING] [Fast Refresh] performing full reload because your application had an unrecoverable error @ http://localhost:3032/_next/static/chunks/node_modules_next_dist_115brz8._.js:2477
[  118148ms] [INFO] %cDownload the React DevTools for a better development experience: https://react.dev/link/react-devtools font-weight:bold @ http://localhost:3032/_next/static/chunks/node_modules_next_dist_115brz8._.js:2477
[  118157ms] [LOG] [HMR] connected @ http://localhost:3032/_next/static/chunks/node_modules_next_dist_115brz8._.js:2477
[  118198ms] ReferenceError: Building2 is not defined
    at module evaluation (http://localhost:3032/_next/static/chunks/_0bv4qwa._.js:1431:15)
    at http://localhost:3032/_next/static/chunks/turbopack-_0p44nws._.js:1307:27
    at runModuleExecutionHooks (http://localhost:3032/_next/static/chunks/turbopack-_0p44nws._.js:1636:13)
    at instantiateModuleShared (http://localhost:3032/_next/static/chunks/turbopack-_0p44nws._.js:1305:9)
    at instantiateModule (http://localhost:3032/_next/static/chunks/turbopack-_0p44nws._.js:1621:12)
    at getOrInstantiateModuleFromParent (http://localhost:3032/_next/static/chunks/turbopack-_0p44nws._.js:1604:12)
    at DevContext.esmImport [as i] (http://localhost:3032/_next/static/chunks/turbopack-_0p44nws._.js:278:20)
    at module evaluation (http://localhost:3032/_next/static/chunks/_0bv4qwa._.js:1821:168)
    at http://localhost:3032/_next/static/chunks/turbopack-_0p44nws._.js:1307:27
    at runModuleExecutionHooks (http://localhost:3032/_next/static/chunks/turbopack-_0p44nws._.js:1636:13)
    at instantiateModuleShared (http://localhost:3032/_next/static/chunks/turbopack-_0p44nws._.js:1305:9)
    at instantiateModule (http://localhost:3032/_next/static/chunks/turbopack-_0p44nws._.js:1621:12)
    at getOrInstantiateModuleFromParent (http://localhost:3032/_next/static/chunks/turbopack-_0p44nws._.js:1604:12)
    at DevContext.commonJsRequire [as r] (http://localhost:3032/_next/static/chunks/turbopack-_0p44nws._.js:299:12)
    at requireModule (http://localhost:3032/_next/static/chunks/node_modules_next_dist_compiled_react-server-dom-turbopack_0p3wegg._.js:95:84)
    at initializeModuleChunk (http://localhost:3032/_next/static/chunks/node_modules_next_dist_compiled_react-server-dom-turbopack_0p3wegg._.js:1110:25)
    at readChunk (http://localhost:3032/_next/static/chunks/node_modules_next_dist_compiled_react-server-dom-turbopack_0p3wegg._.js:846:17)
    at Object.react_stack_bottom_frame (http://localhost:3032/_next/static/chunks/node_modules_next_dist_compiled_react-dom_058-ah~._.js:15101:20)
    at resolveLazy (http://localhost:3032/_next/static/chunks/node_modules_next_dist_compiled_react-dom_058-ah~._.js:3866:20)
    at beginWork (http://localhost:3032/_next/static/chunks/node_modules_next_dist_compiled_react-dom_058-ah~._.js:6665:77)
    at runWithFiberInDEV (http://localhost:3032/_next/static/chunks/node_modules_next_dist_compiled_react-dom_058-ah~._.js:965:74)
    at performUnitOfWork (http://localhost:3032/_next/static/chunks/node_modules_next_dist_compiled_react-dom_058-ah~._.js:9555:97)
    at workLoopSync (http://localhost:3032/_next/static/chunks/node_modules_next_dist_compiled_react-dom_058-ah~._.js:9449:40)
    at renderRootSync (http://localhost:3032/_next/static/chunks/node_modules_next_dist_compiled_react-dom_058-ah~._.js:9433:13)
    at performWorkOnRoot (http://localhost:3032/_next/static/chunks/node_modules_next_dist_compiled_react-dom_058-ah~._.js:9061:186)
    at performSyncWorkOnRoot (http://localhost:3032/_next/static/chunks/node_modules_next_dist_compiled_react-dom_058-ah~._.js:10263:9)
    at flushSyncWorkAcrossRoots_impl (http://localhost:3032/_next/static/chunks/node_modules_next_dist_compiled_react-dom_058-ah~._.js:10179:316)
    at flushPassiveEffects (http://localhost:3032/_next/static/chunks/node_modules_next_dist_compiled_react-dom_058-ah~._.js:10008:13)
    at http://localhost:3032/_next/static/chunks/node_modules_next_dist_compiled_react-dom_058-ah~._.js:9724:13
    at MessagePort.performWorkUntilDeadline (http://localhost:3032/_next/static/chunks/node_modules_next_dist_compiled_0rpq4pf._.js:2647:64)
[  122460ms] [LOG] [Fast Refresh] rebuilding @ http://localhost:3032/_next/static/chunks/node_modules_next_dist_115brz8._.js:2477
[  122469ms] [WARNING] [Fast Refresh] performing full reload because your application had an unrecoverable error @ http://localhost:3032/_next/static/chunks/node_modules_next_dist_115brz8._.js:2477
[  122516ms] [LOG] [Fast Refresh] done in 40ms @ http://localhost:3032/_next/static/chunks/node_modules_next_dist_115brz8._.js:2477
[  122574ms] [INFO] %cDownload the React DevTools for a better development experience: https://react.dev/link/react-devtools font-weight:bold @ http://localhost:3032/_next/static/chunks/node_modules_next_dist_115brz8._.js:2477
[  122583ms] [LOG] [HMR] connected @ http://localhost:3032/_next/static/chunks/node_modules_next_dist_115brz8._.js:2477
[  122612ms] ReferenceError: Building2 is not defined
    at module evaluation (http://localhost:3032/_next/static/chunks/_0bv4qwa._.js:1431:15)
    at http://localhost:3032/_next/static/chunks/turbopack-_0p44nws._.js:1307:27
    at runModuleExecutionHooks (http://localhost:3032/_next/static/chunks/turbopack-_0p44nws._.js:1636:13)
    at instantiateModuleShared (http://localhost:3032/_next/static/chunks/turbopack-_0p44nws._.js:1305:9)
    at instantiateModule (http://localhost:3032/_next/static/chunks/turbopack-_0p44nws._.js:1621:12)
    at getOrInstantiateModuleFromParent (http://localhost:3032/_next/static/chunks/turbopack-_0p44nws._.js:1604:12)
    at DevContext.esmImport [as i] (http://localhost:3032/_next/static/chunks/turbopack-_0p44nws._.js:278:20)
    at module evaluation (http://localhost:3032/_next/static/chunks/_0bv4qwa._.js:1821:168)
    at http://localhost:3032/_next/static/chunks/turbopack-_0p44nws._.js:1307:27
    at runModuleExecutionHooks (http://localhost:3032/_next/static/chunks/turbopack-_0p44nws._.js:1636:13)
    at instantiateModuleShared (http://localhost:3032/_next/static/chunks/turbopack-_0p44nws._.js:1305:9)
    at instantiateModule (http://localhost:3032/_next/static/chunks/turbopack-_0p44nws._.js:1621:12)
    at getOrInstantiateModuleFromParent (http://localhost:3032/_next/static/chunks/turbopack-_0p44nws._.js:1604:12)
    at DevContext.commonJsRequire [as r] (http://localhost:3032/_next/static/chunks/turbopack-_0p44nws._.js:299:12)
    at requireModule (http://localhost:3032/_next/static/chunks/node_modules_next_dist_compiled_react-server-dom-turbopack_0p3wegg._.js:95:84)
    at initializeModuleChunk (http://localhost:3032/_next/static/chunks/node_modules_next_dist_compiled_react-server-dom-turbopack_0p3wegg._.js:1110:25)
    at readChunk (http://localhost:3032/_next/static/chunks/node_modules_next_dist_compiled_react-server-dom-turbopack_0p3wegg._.js:846:17)
    at Object.react_stack_bottom_frame (http://localhost:3032/_next/static/chunks/node_modules_next_dist_compiled_react-dom_058-ah~._.js:15101:20)
    at resolveLazy (http://localhost:3032/_next/static/chunks/node_modules_next_dist_compiled_react-dom_058-ah~._.js:3866:20)
    at beginWork (http://localhost:3032/_next/static/chunks/node_modules_next_dist_compiled_react-dom_058-ah~._.js:6665:77)
    at runWithFiberInDEV (http://localhost:3032/_next/static/chunks/node_modules_next_dist_compiled_react-dom_058-ah~._.js:965:74)
    at performUnitOfWork (http://localhost:3032/_next/static/chunks/node_modules_next_dist_compiled_react-dom_058-ah~._.js:9555:97)
    at workLoopSync (http://localhost:3032/_next/static/chunks/node_modules_next_dist_compiled_react-dom_058-ah~._.js:9449:40)
    at renderRootSync (http://localhost:3032/_next/static/chunks/node_modules_next_dist_compiled_react-dom_058-ah~._.js:9433:13)
    at performWorkOnRoot (http://localhost:3032/_next/static/chunks/node_modules_next_dist_compiled_react-dom_058-ah~._.js:9061:186)
    at performSyncWorkOnRoot (http://localhost:3032/_next/static/chunks/node_modules_next_dist_compiled_react-dom_058-ah~._.js:10263:9)
    at flushSyncWorkAcrossRoots_impl (http://localhost:3032/_next/static/chunks/node_modules_next_dist_compiled_react-dom_058-ah~._.js:10179:316)
    at flushPassiveEffects (http://localhost:3032/_next/static/chunks/node_modules_next_dist_compiled_react-dom_058-ah~._.js:10008:13)
    at http://localhost:3032/_next/static/chunks/node_modules_next_dist_compiled_react-dom_058-ah~._.js:9724:13
    at MessagePort.performWorkUntilDeadline (http://localhost:3032/_next/static/chunks/node_modules_next_dist_compiled_0rpq4pf._.js:2647:64)
[  128998ms] [LOG] [Fast Refresh] rebuilding @ http://localhost:3032/_next/static/chunks/node_modules_next_dist_115brz8._.js:2477
[  128999ms] [WARNING] [Fast Refresh] performing full reload because your application had an unrecoverable error @ http://localhost:3032/_next/static/chunks/node_modules_next_dist_115brz8._.js:2477
[  129046ms] [LOG] [Fast Refresh] done in 24ms @ http://localhost:3032/_next/static/chunks/node_modules_next_dist_115brz8._.js:2477
[  129082ms] [INFO] %cDownload the React DevTools for a better development experience: https://react.dev/link/react-devtools font-weight:bold @ http://localhost:3032/_next/static/chunks/node_modules_next_dist_115brz8._.js:2477
[  129090ms] [LOG] [HMR] connected @ http://localhost:3032/_next/static/chunks/node_modules_next_dist_115brz8._.js:2477
[  129107ms] ReferenceError: Building2 is not defined
    at module evaluation (http://localhost:3032/_next/static/chunks/_0bv4qwa._.js:1431:15)
    at http://localhost:3032/_next/static/chunks/turbopack-_0p44nws._.js:1307:27
    at runModuleExecutionHooks (http://localhost:3032/_next/static/chunks/turbopack-_0p44nws._.js:1636:13)
    at instantiateModuleShared (http://localhost:3032/_next/static/chunks/turbopack-_0p44nws._.js:1305:9)
    at instantiateModule (http://localhost:3032/_next/static/chunks/turbopack-_0p44nws._.js:1621:12)
    at getOrInstantiateModuleFromParent (http://localhost:3032/_next/static/chunks/turbopack-_0p44nws._.js:1604:12)
    at DevContext.esmImport [as i] (http://localhost:3032/_next/static/chunks/turbopack-_0p44nws._.js:278:20)
    at module evaluation (http://localhost:3032/_next/static/chunks/_0bv4qwa._.js:1821:168)
    at http://localhost:3032/_next/static/chunks/turbopack-_0p44nws._.js:1307:27
    at runModuleExecutionHooks (http://localhost:3032/_next/static/chunks/turbopack-_0p44nws._.js:1636:13)
    at instantiateModuleShared (http://localhost:3032/_next/static/chunks/turbopack-_0p44nws._.js:1305:9)
    at instantiateModule (http://localhost:3032/_next/static/chunks/turbopack-_0p44nws._.js:1621:12)
    at getOrInstantiateModuleFromParent (http://localhost:3032/_next/static/chunks/turbopack-_0p44nws._.js:1604:12)
    at DevContext.commonJsRequire [as r] (http://localhost:3032/_next/static/chunks/turbopack-_0p44nws._.js:299:12)
    at requireModule (http://localhost:3032/_next/static/chunks/node_modules_next_dist_compiled_react-server-dom-turbopack_0p3wegg._.js:95:84)
    at initializeModuleChunk (http://localhost:3032/_next/static/chunks/node_modules_next_dist_compiled_react-server-dom-turbopack_0p3wegg._.js:1110:25)
    at readChunk (http://localhost:3032/_next/static/chunks/node_modules_next_dist_compiled_react-server-dom-turbopack_0p3wegg._.js:846:17)
    at Object.react_stack_bottom_frame (http://localhost:3032/_next/static/chunks/node_modules_next_dist_compiled_react-dom_058-ah~._.js:15101:20)
    at resolveLazy (http://localhost:3032/_next/static/chunks/node_modules_next_dist_compiled_react-dom_058-ah~._.js:3866:20)
    at beginWork (http://localhost:3032/_next/static/chunks/node_modules_next_dist_compiled_react-dom_058-ah~._.js:6665:77)
    at runWithFiberInDEV (http://localhost:3032/_next/static/chunks/node_modules_next_dist_compiled_react-dom_058-ah~._.js:965:74)
    at performUnitOfWork (http://localhost:3032/_next/static/chunks/node_modules_next_dist_compiled_react-dom_058-ah~._.js:9555:97)
    at workLoopSync (http://localhost:3032/_next/static/chunks/node_modules_next_dist_compiled_react-dom_058-ah~._.js:9449:40)
    at renderRootSync (http://localhost:3032/_next/static/chunks/node_modules_next_dist_compiled_react-dom_058-ah~._.js:9433:13)
    at performWorkOnRoot (http://localhost:3032/_next/static/chunks/node_modules_next_dist_compiled_react-dom_058-ah~._.js:9061:186)
    at performSyncWorkOnRoot (http://localhost:3032/_next/static/chunks/node_modules_next_dist_compiled_react-dom_058-ah~._.js:10263:9)
    at flushSyncWorkAcrossRoots_impl (http://localhost:3032/_next/static/chunks/node_modules_next_dist_compiled_react-dom_058-ah~._.js:10179:316)
    at flushPassiveEffects (http://localhost:3032/_next/static/chunks/node_modules_next_dist_compiled_react-dom_058-ah~._.js:10008:13)
    at http://localhost:3032/_next/static/chunks/node_modules_next_dist_compiled_react-dom_058-ah~._.js:9724:13
    at MessagePort.performWorkUntilDeadline (http://localhost:3032/_next/static/chunks/node_modules_next_dist_compiled_0rpq4pf._.js:2647:64)
[  153604ms] [LOG] [Fast Refresh] rebuilding @ http://localhost:3032/_next/static/chunks/node_modules_next_dist_115brz8._.js:2477
[  153612ms] [WARNING] [Fast Refresh] performing full reload

Fast Refresh will perform a full reload when you edit a file that's imported by modules outside of the React rendering tree.
You might have a file which exports a React component but also exports a value that is imported by a non-React component file.
Consider migrating the non-React component export to a separate file and importing it into both files.

It is also possible the parent component of the component you edited is a class component, which disables Fast Refresh.
Fast Refresh requires at least one parent function component in your React tree. @ http://localhost:3032/_next/static/chunks/node_modules_next_dist_115brz8._.js:2477
[  153612ms] [WARNING] [Fast Refresh] performing full reload because your application had an unrecoverable error @ http://localhost:3032/_next/static/chunks/node_modules_next_dist_115brz8._.js:2477
[  153681ms] [LOG] [Fast Refresh] done in 94ms @ http://localhost:3032/_next/static/chunks/node_modules_next_dist_115brz8._.js:2477
[  153768ms] [INFO] %cDownload the React DevTools for a better development experience: https://react.dev/link/react-devtools font-weight:bold @ http://localhost:3032/_next/static/chunks/node_modules_next_dist_115brz8._.js:2477
[  153777ms] [LOG] [HMR] connected @ http://localhost:3032/_next/static/chunks/node_modules_next_dist_115brz8._.js:2477
[  153900ms] [VERBOSE] [DOM] Input elements should have autocomplete attributes (suggested: "current-password"): (More info: https://goo.gl/9p2vKq) %o @ http://localhost:3032/login:0
